GAS LISTING C:\DOCUME~1\firmware\LOCALS~1\Temp/cciMaaaa.s 			page 1


   1               		.file	"ljc.c"
   2               		.arch at90s2313
   3               	__SREG__ = 0x3f
   4               	__SP_H__ = 0x3e
   5               	__SP_L__ = 0x3d
   6               	__tmp_reg__ = 0
   7               	__zero_reg__ = 1
   8               		.global __do_copy_data
   9               		.global __do_clear_bss
  10               		.stabs	"D:\\\260\255\300\307\260\374\267\303\\2005\263\3421\307\320\261\342\\\265\360\301\366\305\
  11               		.stabs	"ljc.c",100,0,0,.Ltext0
  12               		.text
  13               	.Ltext0:
  14               		.stabs	"gcc2_compiled.",60,0,0,0
  15               		.stabs	"int:t(0,1)=r(0,1);-32768;32767;",128,0,0,0
  16               		.stabs	"char:t(0,2)=r(0,2);0;127;",128,0,0,0
  17               		.stabs	"long int:t(0,3)=@s32;r(0,3);0020000000000;0017777777777;",128,0,0,0
  18               		.stabs	"unsigned int:t(0,4)=r(0,4);0000000000000;0000000177777;",128,0,0,0
  19               		.stabs	"long unsigned int:t(0,5)=@s32;r(0,5);0000000000000;0037777777777;",128,0,0,0
  20               		.stabs	"long long int:t(0,6)=@s64;r(0,6);01000000000000000000000;0777777777777777777777;",128,0,0,
  21               		.stabs	"long long unsigned int:t(0,7)=@s64;r(0,7);0000000000000;01777777777777777777777;",128,0,0,
  22               		.stabs	"short int:t(0,8)=r(0,8);-32768;32767;",128,0,0,0
  23               		.stabs	"short unsigned int:t(0,9)=r(0,9);0000000000000;0000000177777;",128,0,0,0
  24               		.stabs	"signed char:t(0,10)=@s8;r(0,10);-128;127;",128,0,0,0
  25               		.stabs	"unsigned char:t(0,11)=@s8;r(0,11);0;255;",128,0,0,0
  26               		.stabs	"float:t(0,12)=r(0,1);4;0;",128,0,0,0
  27               		.stabs	"double:t(0,13)=r(0,1);4;0;",128,0,0,0
  28               		.stabs	"long double:t(0,14)=r(0,1);4;0;",128,0,0,0
  29               		.stabs	"complex int:t(0,15)=s4real:(0,1),0,16;imag:(0,1),16,16;;",128,0,0,0
  30               		.stabs	"complex float:t(0,16)=R3;8;0;",128,0,0,0
  31               		.stabs	"complex double:t(0,17)=R3;8;0;",128,0,0,0
  32               		.stabs	"complex long double:t(0,18)=R3;8;0;",128,0,0,0
  33               		.stabs	"__builtin_va_list:t(0,19)=*(0,20)=(0,20)",128,0,0,0
  34               		.stabs	"_Bool:t(0,21)=@s8;-16;",128,0,0,0
  35               		.stabs	"ljc.c",130,0,0,0
  36               		.stabs	"C:/AvrEdit/WinAVR/avr/include/io.h",130,0,0,0
  37               		.stabs	"C:/AvrEdit/WinAVR/avr/include/avr/io.h",130,0,0,0
  38               		.stabs	"C:/AvrEdit/WinAVR/avr/include/avr/sfr_defs.h",130,0,0,0
  39               		.stabn	162,0,0,0
  40               		.stabs	"C:/AvrEdit/WinAVR/avr/include/avr/io2313.h",130,0,0,0
  41               		.stabn	162,0,0,0
  42               		.stabn	162,0,0,0
  43               		.stabn	162,0,0,0
  44               		.stabs	"C:/AvrEdit/WinAVR/avr/include/progmem.h",130,0,0,0
  45               		.stabs	"C:/AvrEdit/WinAVR/avr/include/avr/pgmspace.h",130,0,0,0
  46               		.stabs	"C:/AvrEdit/WinAVR/avr/include/inttypes.h",130,0,0,0
  47               		.stabs	"int8_t:t(8,1)=(0,10)",128,0,60,0
  48               		.stabs	"uint8_t:t(8,2)=(0,11)",128,0,65,0
  49               		.stabs	"int16_t:t(8,3)=(0,1)",128,0,83,0
  50               		.stabs	"uint16_t:t(8,4)=(0,4)",128,0,88,0
  51               		.stabs	"int32_t:t(8,5)=(0,3)",128,0,99,0
  52               		.stabs	"uint32_t:t(8,6)=(0,5)",128,0,104,0
  53               		.stabs	"int64_t:t(8,7)=(0,6)",128,0,117,0
  54               		.stabs	"uint64_t:t(8,8)=(0,7)",128,0,122,0
  55               		.stabs	"intptr_t:t(8,9)=(8,3)",128,0,134,0
  56               		.stabs	"uintptr_t:t(8,10)=(8,4)",128,0,139,0
  57               		.stabn	162,0,0,0
GAS LISTING C:\DOCUME~1\firmware\LOCALS~1\Temp/cciMaaaa.s 			page 2


  58               		.stabs	"C:/AvrEdit/WinAVR/lib/gcc-lib/avr/3.3.1/include/stddef.h",130,0,0,0
  59               		.stabs	"size_t:t(9,1)=(0,4)",128,0,213,0
  60               		.stabn	162,0,0,0
  61               		.stabs	"prog_void:t(7,1)=(7,2)=(7,2)",128,0,89,0
  62               		.stabs	"prog_char:t(7,3)=(7,4)=@s8;r(7,4);-128;127;",128,0,90,0
  63               		.stabs	"prog_uchar:t(7,5)=(7,6)=@s8;r(7,6);0;255;",128,0,91,0
  64               		.stabs	"prog_int:t(7,7)=(7,8)=r(7,8);-32768;32767;",128,0,92,0
  65               		.stabs	"prog_long:t(7,9)=(7,10)=@s32;r(7,10);0020000000000;0017777777777;",128,0,93,0
  66               		.stabs	"prog_long_long:t(7,11)=(7,12)=@s64;r(7,12);01000000000000000000000;0777777777777777777777;
  67               		.stabn	162,0,0,0
  68               		.stabn	162,0,0,0
  69               	.global	SEG
  70               		.section	.progmem.data,"a",@progbits
  71               		.type	SEG, @object
  72               		.size	SEG, 6
  73               	SEG:
  74 0000 C0        		.byte	-64
  75 0001 F9        		.byte	-7
  76 0002 A4        		.byte	-92
  77 0003 B0        		.byte	-80
  78 0004 99        		.byte	-103
  79 0005 92        		.byte	-110
  80               	.global	POWER
  81               		.type	POWER, @object
  82               		.size	POWER, 6
  83               	POWER:
  84 0006 01        		.byte	1
  85 0007 02        		.byte	2
  86 0008 04        		.byte	4
  87 0009 08        		.byte	8
  88 000a 10        		.byte	16
  89 000b 20        		.byte	32
  90               		.text
  91               		.stabs	"main:F(0,1)",36,0,16,main
  92               	.global	main
  93               		.type	main, @function
  94               	main:
   1:ljc.c         **** #include <io.h>
   2:ljc.c         **** #include <progmem.h>
   3:ljc.c         **** 
   4:ljc.c         **** unsigned char __attribute__((progmem)) SEG[6]=
   5:ljc.c         **** {0xc0,0xf9,0xa4,0xb0,0x99,0x92};
   6:ljc.c         **** 
   7:ljc.c         **** unsigned char __attribute__((progmem))POWER[6]=
   8:ljc.c         **** {0x01,0x02,0x04,0x08,0x10,0x20};
   9:ljc.c         **** 
  10:ljc.c         **** void delay(int i)
  11:ljc.c         **** {
  12:ljc.c         ****         while(--i);
  13:ljc.c         **** }
  14:ljc.c         **** 
  15:ljc.c         **** int main(void)
  16:ljc.c         **** {
  95               		.stabn 68,0,16,.LM1-main
  96               	.LM1:
  97               	/* prologue: frame size=0 */
  98 0000 C0E0      		ldi r28,lo8(__stack - 0)
GAS LISTING C:\DOCUME~1\firmware\LOCALS~1\Temp/cciMaaaa.s 			page 3


  99 0002 D0E0      		ldi r29,hi8(__stack - 0)
 100 0004 DEBF      		out __SP_H__,r29
 101 0006 CDBF      		out __SP_L__,r28
 102               	/* prologue end (size=4) */
  17:ljc.c         ****         outp(0xff,DDRD);
 103               		.stabn 68,0,17,.LM2-main
 104               	.LM2:
 105               	.LBB2:
 106 0008 2FEF      		ldi r18,lo8(-1)
 107 000a 21BB      		out 49-0x20,r18
  18:ljc.c         ****         outp(0xff,DDRB);
 108               		.stabn 68,0,18,.LM3-main
 109               	.LM3:
 110 000c 27BB      		out 55-0x20,r18
  19:ljc.c         ****         outp(0xff,PORTB);
 111               		.stabn 68,0,19,.LM4-main
 112               	.LM4:
 113 000e 28BB      		out 56-0x20,r18
  20:ljc.c         ****         outp(0x00,PORTD);
 114               		.stabn 68,0,20,.LM5-main
 115               	.LM5:
 116 0010 12BA      		out 50-0x20,__zero_reg__
  21:ljc.c         **** 
  22:ljc.c         ****         int j;
  23:ljc.c         **** 
  24:ljc.c         ****         while(1)
 117               		.stabn 68,0,24,.LM6-main
 118               	.LM6:
 119 0012 40E0      		ldi r20,lo8(SEG+5)
 120 0014 50E0      		ldi r21,hi8(SEG+5)
 121               	.L14:
  25:ljc.c         ****         {
  26:ljc.c         ****                 for(j=0;j<6;j++)
 122               		.stabn 68,0,26,.LM7-main
 123               	.LM7:
 124 0016 60E0      		ldi r22,lo8(SEG)
 125 0018 70E0      		ldi r23,hi8(SEG)
 126 001a 20E0      		ldi r18,lo8(POWER)
 127 001c 30E0      		ldi r19,hi8(POWER)
 128               	.L13:
  27:ljc.c         ****                 {
  28:ljc.c         ****                         outp(PRG_RDB(&POWER[j]),PORTD);
 129               		.stabn 68,0,28,.LM8-main
 130               	.LM8:
 131 001e F32F      		mov r31,r19
 132 0020 E22F      		mov r30,r18
 133               	.LBB3:
 134               	/* #APP */
 135 0022 C895      		lpm
 136 0024 A02D      		mov r26, r0
 137               		
 138               	/* #NOAPP */
 139               	.LBE3:
 140 0026 A2BB      		out 50-0x20,r26
  29:ljc.c         ****                         outp(PRG_RDB(&SEG[j]),PORTB);
 141               		.stabn 68,0,29,.LM9-main
 142               	.LM9:
GAS LISTING C:\DOCUME~1\firmware\LOCALS~1\Temp/cciMaaaa.s 			page 4


 143 0028 F72F      		mov r31,r23
 144 002a E62F      		mov r30,r22
 145               	.LBB4:
 146               	/* #APP */
 147 002c C895      		lpm
 148 002e 902D      		mov r25, r0
 149               		
 150               	/* #NOAPP */
 151               	.LBE4:
 152 0030 98BB      		out 56-0x20,r25
 153               		.stabn 68,0,12,.LM10-main
 154               	.LM10:
 155               		.stabn 68,0,26,.LM11-main
 156               	.LM11:
 157 0032 2F5F      		subi r18,lo8(-(1))
 158 0034 3F4F      		sbci r19,hi8(-(1))
 159 0036 6F5F      		subi r22,lo8(-(1))
 160 0038 7F4F      		sbci r23,hi8(-(1))
 161 003a 4617      		cp r20,r22
 162 003c 5707      		cpc r21,r23
 163 003e 7CF7      		brge .L13
 164 0040 EACF      		rjmp .L14
  30:ljc.c         ****                         delay(10);
  31:ljc.c         ****                  }
  32:ljc.c         ****         }
  33:ljc.c         **** }
 165               		.stabn 68,0,33,.LM12-main
 166               	.LM12:
 167               	.LBE2:
 168               	/* epilogue: frame size=0 */
 169               	/* epilogue: noreturn */
 170               	/* epilogue end (size=0) */
 171               	/* function main size 41 (37) */
 172               		.size	main, .-main
 173               		.stabs	"__result:r(8,2)",64,0,28,24
 174               		.stabn	192,0,0,.LBB3-main
 175               		.stabn	224,0,0,.LBE3-main
 176               		.stabs	"__result:r(8,2)",64,0,29,24
 177               		.stabn	192,0,0,.LBB4-main
 178               		.stabn	224,0,0,.LBE4-main
 179               	.Lscope0:
 180               		.stabs	"",36,0,0,.Lscope0-main
 181               		.stabs	"delay:F(0,20)",36,0,11,delay
 182               		.stabs	"i:P(0,1)",64,0,10,24
 183               	.global	delay
 184               		.type	delay, @function
 185               	delay:
 186               		.stabn 68,0,11,.LM13-delay
 187               	.LM13:
 188               	/* prologue: frame size=0 */
 189               	/* prologue end (size=0) */
 190               		.stabn 68,0,12,.LM14-delay
 191               	.LM14:
 192               	.L38:
 193 0042 0197      		sbiw r24,1
 194 0044 F1F7      		brne .L38
 195               		.stabn 68,0,13,.LM15-delay
GAS LISTING C:\DOCUME~1\firmware\LOCALS~1\Temp/cciMaaaa.s 			page 5


 196               	.LM15:
 197               	/* epilogue: frame size=0 */
 198 0046 0895      		ret
 199               	/* epilogue end (size=1) */
 200               	/* function delay size 4 (3) */
 201               		.size	delay, .-delay
 202               	.Lscope1:
 203               		.stabs	"",36,0,0,.Lscope1-delay
 204               		.stabs	"SEG:G(1,1)=ar(1,2)=r(1,2);0000000000000;0000000177777;;0;5;(0,11)",32,0,4,0
 205               		.stabs	"POWER:G(1,1)",32,0,7,0
 206               		.text
 207               		.stabs "",100,0,0,Letext
 208               	Letext:
 209               	/* File "ljc.c": code   45 = 0x002d (  40), prologues   4, epilogues   1 */
GAS LISTING C:\DOCUME~1\firmware\LOCALS~1\Temp/cciMaaaa.s 			page 6


DEFINED SYMBOLS
                            *ABS*:00000000 ljc.c
                            *ABS*:0000003f __SREG__
                            *ABS*:0000003e __SP_H__
                            *ABS*:0000003d __SP_L__
                            *ABS*:00000000 __tmp_reg__
                            *ABS*:00000001 __zero_reg__
C:\DOCUME~1\firmware\LOCALS~1\Temp/cciMaaaa.s:73     .progmem.data:00000000 SEG
C:\DOCUME~1\firmware\LOCALS~1\Temp/cciMaaaa.s:83     .progmem.data:00000006 POWER
C:\DOCUME~1\firmware\LOCALS~1\Temp/cciMaaaa.s:94     .text:00000000 main
C:\DOCUME~1\firmware\LOCALS~1\Temp/cciMaaaa.s:185    .text:00000042 delay
C:\DOCUME~1\firmware\LOCALS~1\Temp/cciMaaaa.s:208    .text:00000048 Letext

UNDEFINED SYMBOLS
__do_copy_data
__do_clear_bss
__stack
